[2026-06-10 10:02:54] ================================================================================
[2026-06-10 10:02:54] 🧵 QLoRA CHAIN TRAIN PIPELINE STARTED
[2026-06-10 10:02:54] Log file: logs/chain_train_2026-06-10_10-02-54.log
[2026-06-10 10:02:54] ================================================================================
[2026-06-10 10:02:54] 
[2026-06-10 10:02:54] ================================================================================
[2026-06-10 10:02:54] 🚀 Starting stage: Qwen_Spoonie_Helper_v4
[2026-06-10 10:02:54] ================================================================================
[2026-06-10 10:02:54] 📦 Dataset: expanded_MASTER.jsonl — 10716 lines — md5=42ee6d90edfbf836926b849eec498faa
[2026-06-10 10:02:54] 📊 GPU (pre‑stage):
[2026-06-10 10:02:54] ========================= ROCm System Management Interface =========================
================================ % time GPU is busy ================================
GPU[0]		: GPU use (%): 3
====================================================================================
=============================== Memory Usage (Bytes) ===============================
GPU[0]		: GTT Total Memory (B): 16784035840
GPU[0]		: GTT Total Used Memory (B): 159248384
====================================================================================
=============================== End of ROCm SMI Log ================================
[2026-06-10 10:02:55] [metrics] Saved ROCm SMI snapshot → training/rocm_smi_chain_Qwen_Spoonie_Helper_v4_pre.txt
[2026-06-10 10:02:56] [metrics] Saved system stats snapshot → training/system_stats_chain_Qwen_Spoonie_Helper_v4_pre.txt
[2026-06-10 10:02:56] ▶ Training script: training/train_spoonie.py
[2026-06-10 10:45:58] ❌ Training FAILED for Qwen_Spoonie_Helper_v4. Aborting pipeline.
